// Jest Snapshot v1, https://goo.gl/fbAQLP

exports[`renders correctly 1`] = `
<div>
  <header
    className="MuiPaper-root MuiPaper-elevation4 MuiAppBar-root MuiAppBar-positionStatic MuiAppBar-colorPrimary"
  >
    <div
      className="MuiToolbar-root MuiToolbar-regular MuiToolbar-gutters"
    >
      <img
        alt="logo"
        className="mr-1"
        src="/assets/vault-dark.svg"
      />
      <h6
        className="MuiTypography-root MuiTypography-h6 MuiTypography-colorInherit MuiTypography-noWrap"
      >
        Vault PAM UI
      </h6>
    </div>
  </header>
  <div
    className="MuiGrid-root mt-1 MuiGrid-container MuiGrid-justify-xs-center"
  >
    <div
      className="MuiPaper-root MuiPaper-elevation1 MuiPaper-rounded MuiCard-root Auth-card-1"
    >
      <form
        onSubmit={[Function]}
      >
        <div
          className="MuiCardContent-root"
        >
          <h6
            className="MuiTypography-root MuiTypography-h6 MuiTypography-colorTextSecondary MuiTypography-gutterBottom"
          >
            Sign in to Vault
          </h6>
          <div
            className="MuiPaper-root MuiPaper-elevation1 MuiPaper-rounded"
          >
            <header
              className="MuiPaper-root MuiPaper-elevation4 MuiAppBar-root MuiAppBar-positionStatic MuiAppBar-colorDefault"
            >
              <div
                className="MuiTabs-root"
              >
                <div
                  className="MuiTabs-flexContainer"
                >
                  <div
                    className="MuiTabs-scroller MuiTabs-fixed"
                    onScroll={[Function]}
                    role="tablist"
                    style={
                      Object {
                        "marginBottom": null,
                        "overflow": "hidden",
                      }
                    }
                  >
                    <div
                      className="MuiTabs-flexContainer"
                    >
                      <button
                        aria-selected={true}
                        className="MuiButtonBase-root MuiTab-root MuiTab-textColorInherit Mui-selected"
                        disabled={false}
                        onBlur={[Function]}
                        onClick={[Function]}
                        onFocus={[Function]}
                        onKeyDown={[Function]}
                        onKeyUp={[Function]}
                        onMouseDown={[Function]}
                        onMouseLeave={[Function]}
                        onMouseUp={[Function]}
                        onTouchEnd={[Function]}
                        onTouchMove={[Function]}
                        onTouchStart={[Function]}
                        role="tab"
                        tabIndex={0}
                        type="button"
                      >
                        <span
                          className="MuiTab-wrapper"
                        >
                          Token
                        </span>
                        <span
                          className="MuiTouchRipple-root"
                        />
                      </button>
                      <button
                        aria-selected={false}
                        className="MuiButtonBase-root MuiTab-root MuiTab-textColorInherit"
                        disabled={false}
                        onBlur={[Function]}
                        onClick={[Function]}
                        onFocus={[Function]}
                        onKeyDown={[Function]}
                        onKeyUp={[Function]}
                        onMouseDown={[Function]}
                        onMouseLeave={[Function]}
                        onMouseUp={[Function]}
                        onTouchEnd={[Function]}
                        onTouchMove={[Function]}
                        onTouchStart={[Function]}
                        role="tab"
                        tabIndex={0}
                        type="button"
                      >
                        <span
                          className="MuiTab-wrapper"
                        >
                          Userpass
                        </span>
                        <span
                          className="MuiTouchRipple-root"
                        />
                      </button>
                      <button
                        aria-selected={false}
                        className="MuiButtonBase-root MuiTab-root MuiTab-textColorInherit"
                        disabled={false}
                        onBlur={[Function]}
                        onClick={[Function]}
                        onFocus={[Function]}
                        onKeyDown={[Function]}
                        onKeyUp={[Function]}
                        onMouseDown={[Function]}
                        onMouseLeave={[Function]}
                        onMouseUp={[Function]}
                        onTouchEnd={[Function]}
                        onTouchMove={[Function]}
                        onTouchStart={[Function]}
                        role="tab"
                        tabIndex={0}
                        type="button"
                      >
                        <span
                          className="MuiTab-wrapper"
                        >
                          LDAP
                        </span>
                        <span
                          className="MuiTouchRipple-root"
                        />
                      </button>
                      <button
                        aria-selected={false}
                        className="MuiButtonBase-root MuiTab-root MuiTab-textColorInherit"
                        disabled={false}
                        onBlur={[Function]}
                        onClick={[Function]}
                        onFocus={[Function]}
                        onKeyDown={[Function]}
                        onKeyUp={[Function]}
                        onMouseDown={[Function]}
                        onMouseLeave={[Function]}
                        onMouseUp={[Function]}
                        onTouchEnd={[Function]}
                        onTouchMove={[Function]}
                        onTouchStart={[Function]}
                        role="tab"
                        tabIndex={0}
                        type="button"
                      >
                        <span
                          className="MuiTab-wrapper"
                        >
                          GitHub
                        </span>
                        <span
                          className="MuiTouchRipple-root"
                        />
                      </button>
                      <button
                        aria-selected={false}
                        className="MuiButtonBase-root MuiTab-root MuiTab-textColorInherit"
                        disabled={false}
                        onBlur={[Function]}
                        onClick={[Function]}
                        onFocus={[Function]}
                        onKeyDown={[Function]}
                        onKeyUp={[Function]}
                        onMouseDown={[Function]}
                        onMouseLeave={[Function]}
                        onMouseUp={[Function]}
                        onTouchEnd={[Function]}
                        onTouchMove={[Function]}
                        onTouchStart={[Function]}
                        role="tab"
                        tabIndex={0}
                        type="button"
                      >
                        <span
                          className="MuiTab-wrapper"
                        >
                          Okta
                        </span>
                        <span
                          className="MuiTouchRipple-root"
                        />
                      </button>
                    </div>
                    <span
                      className="PrivateTabIndicator-root-205 PrivateTabIndicator-colorSecondary-207 MuiTabs-indicator"
                      style={
                        Object {
                          "left": 0,
                          "width": 0,
                        }
                      }
                    />
                  </div>
                </div>
              </div>
            </header>
            <fieldset
              className="MuiFormControl-root Login-formContainer-178"
            >
              <legend
                className="MuiFormLabel-root Login-formLabel-180"
              />
              <div
                className="Login-contentContainer-177"
              >
                <div
                  className="MuiFormControl-root MuiFormControl-marginNormal MuiTextField-root m-1"
                >
                  <label
                    className="MuiFormLabel-root Mui-required Mui-required MuiInputLabel-root MuiInputLabel-formControl MuiInputLabel-animated MuiInputLabel-outlined"
                    data-shrink={false}
                  >
                    Token
                    <span
                      className="MuiFormLabel-asterisk MuiInputLabel-asterisk"
                    >
                      â€‰
                      *
                    </span>
                  </label>
                  <div
                    className="MuiInputBase-root MuiOutlinedInput-root MuiInputBase-formControl"
                    onClick={[Function]}
                  >
                    <fieldset
                      aria-hidden={true}
                      className="PrivateNotchedOutline-root-261 MuiOutlinedInput-notchedOutline"
                      style={
                        Object {
                          "paddingLeft": 8,
                        }
                      }
                    >
                      <legend
                        className="PrivateNotchedOutline-legend-262"
                        style={
                          Object {
                            "width": 0.01,
                          }
                        }
                      >
                        <span
                          dangerouslySetInnerHTML={
                            Object {
                              "__html": "&#8203;",
                            }
                          }
                        />
                      </legend>
                    </fieldset>
                    <input
                      aria-invalid={false}
                      className="MuiInputBase-input MuiOutlinedInput-input"
                      disabled={false}
                      name="token"
                      onBlur={[Function]}
                      onChange={[Function]}
                      onFocus={[Function]}
                      required={true}
                      type="password"
                      value=""
                    />
                  </div>
                </div>
              </div>
            </fieldset>
          </div>
        </div>
        <div
          className="MuiCardActions-root MuiCardActions-spacing Login-cardAction-176"
        >
          <button
            className="MuiButtonBase-root MuiButton-root MuiButton-textPrimary MuiButton-text MuiButton-sizeSmall"
            disabled={false}
            onBlur={[Function]}
            onClick={[Function]}
            onFocus={[Function]}
            onKeyDown={[Function]}
            onKeyUp={[Function]}
            onMouseDown={[Function]}
            onMouseLeave={[Function]}
            onMouseUp={[Function]}
            onTouchEnd={[Function]}
            onTouchMove={[Function]}
            onTouchStart={[Function]}
            tabIndex={0}
            type="button"
          >
            <span
              className="MuiButton-label"
            >
              Back
            </span>
            <span
              className="MuiTouchRipple-root"
            />
          </button>
          <button
            className="MuiButtonBase-root MuiButton-root MuiButton-containedPrimary MuiButton-contained MuiButton-sizeSmall"
            disabled={false}
            onBlur={[Function]}
            onClick={[Function]}
            onFocus={[Function]}
            onKeyDown={[Function]}
            onKeyUp={[Function]}
            onMouseDown={[Function]}
            onMouseLeave={[Function]}
            onMouseUp={[Function]}
            onTouchEnd={[Function]}
            onTouchMove={[Function]}
            onTouchStart={[Function]}
            tabIndex={0}
            type="submit"
          >
            <span
              className="MuiButton-label"
            >
              Next
            </span>
            <span
              className="MuiTouchRipple-root"
            />
          </button>
        </div>
        <div
          className="Footer-footerRootContainer-283"
        >
          <header
            className="MuiPaper-root MuiPaper-elevation4 MuiAppBar-root MuiAppBar-positionFixed MuiAppBar-colorPrimary mui-fixed Footer-footer-282"
          >
            <div
              className="Footer-footerTextContainer-284"
            >
              <a
                className="MuiTypography-root MuiTypography-caption MuiTypography-displayInline Footer-text-286"
                href="/rest/api"
                title="API"
              >
                API
              </a>
              <span
                className="MuiTypography-root MuiTypography-caption MuiTypography-displayInline Footer-textSeparator-285"
              >
                |
              </span>
              <a
                className="MuiTypography-root MuiTypography-caption MuiTypography-displayInline Footer-text-286"
                href=""
                title="Vault Domain"
              >
                
              </a>
              <span
                className="MuiTypography-root MuiTypography-caption MuiTypography-displayInline Footer-textSeparator-285"
              >
                |
              </span>
              <span
                className="MuiTypography-root MuiTypography-caption MuiTypography-displayInline Footer-text-286"
              >
                Vault 
              </span>
            </div>
          </header>
        </div>
      </form>
    </div>
  </div>
</div>
`;
